     1                                 %line 1+1 signexsum.asm
     2                                 
     3                                 
     4                                 
     5                                 
     6                                 [segment .data]
     7 00000000 05                     a db 5
     8 00000001 1908                   b dw 2073
     9 00000003 F3FFFF7F               c dd 2147483635
    10 00000007 EFFFFFFFFFFFFF1F       d dq 2305843009213693935
    11 0000000F 0000000000000000       sum dq 0
    12                                 
    13                                 [section .text]
    14                                 [global main]
    15                                 main:
    16 00000000 55                      push rbp
    17 00000001 4889E5                  mov rbp, rsp
    18 00000004 480FBE0425[00000000]      movsx rax, byte [a]
    19 0000000D 480FBF1C25[00000000]      movsx rbx, word [b]
    20 00000016 48630C25[00000000]      movsxd rcx, dword [c]
    21 0000001E 488B1425[00000000]      mov rdx, [d]
    22 00000026 4801C3                  add rbx, rax
    23 00000029 4801D9                  add rcx, rbx
    24 0000002C 4801CA                  add rdx, rcx
    25 0000002F 48891425[00000000]      mov [sum], rdx
    26 00000037 C9                      leave
    27 00000038 C3                      ret
