     1                                 %line 1+1 slope.asm
     2                                 
     3                                 
     4                                 
     5                                 
     6                                 
     7                                 
     8                                 [segment .data]
     9 00000000 0210000000000000       ai dq 4098
    10 00000008 0404000000000000       aj dq 1028
    11 00000010 0210000000000000       bi dq 4098
    12 00000018 720F000000000000       bj dq 3954
    13 00000020 0000000000000000       slope dq 0
    14                                 
    15                                 [section .text]
    16                                 [global main]
    17                                 main:
    18 00000000 55                      push rbp
    19 00000001 4889E5                  mov rbp, rsp
    20 00000004 4883EC14                sub rsp, 20
    21 00000008 48C7C001000000          mov rax, 1
    22 0000000F 488B1C25[00000000]      mov rbx, [ai]
    23 00000017 488B0C25[00000000]      mov rcx, [bi]
    24 0000001F 4829D9                  sub rcx, rbx
    25 00000022 480F450425[00000000]      cmovnz rax, [slope]
    26 0000002B C9                      leave
    27 0000002C C3                      ret
    28                                 
    29                                 
